2026-04-22 23:28:19.130 [main] INFO  pe.pucp.tasfb2b.TasfB2bApplication - Starting TasfB2bApplication using Java 17.0.6 with PID 4620 (D:\Marcelo\UniversityProjects\tasfb2b\tasf-b2b-backend\target\classes started by ASUS in D:\Marcelo\UniversityProjects\tasfb2b\tasf-b2b-backend)
2026-04-22 23:28:19.137 [main] DEBUG pe.pucp.tasfb2b.TasfB2bApplication - Running with Spring Boot v3.2.5, Spring v6.1.6
2026-04-22 23:28:19.139 [main] INFO  pe.pucp.tasfb2b.TasfB2bApplication - No active profile set, falling back to 1 default profile: "default"
2026-04-22 23:28:20.091 [main] INFO  o.s.boot.web.embedded.tomcat.TomcatWebServer - Tomcat initialized with port 8080 (http)
2026-04-22 23:28:20.102 [main] INFO  org.apache.coyote.http11.Http11NioProtocol - Initializing ProtocolHandler ["http-nio-8080"]
2026-04-22 23:28:20.110 [main] INFO  org.apache.catalina.core.StandardService - Starting service [Tomcat]
2026-04-22 23:28:20.111 [main] INFO  org.apache.catalina.core.StandardEngine - Starting Servlet engine: [Apache Tomcat/10.1.20]
2026-04-22 23:28:20.170 [main] INFO  o.a.c.core.ContainerBase.[Tomcat].[localhost].[/] - Initializing Spring embedded WebApplicationContext
2026-04-22 23:28:20.171 [main] INFO  o.s.b.w.s.c.ServletWebServerApplicationContext - Root WebApplicationContext: initialization completed in 959 ms
2026-04-22 23:28:20.227 [main] INFO  pe.pucp.tasfb2b.controller.PlannerController - PlannerController inicializado con 1 algoritmos: [ALNS]
2026-04-22 23:28:20.517 [main] INFO  org.apache.coyote.http11.Http11NioProtocol - Starting ProtocolHandler ["http-nio-8080"]
2026-04-22 23:28:20.539 [main] INFO  o.s.boot.web.embedded.tomcat.TomcatWebServer - Tomcat started on port 8080 (http) with context path ''
2026-04-22 23:28:20.548 [main] INFO  pe.pucp.tasfb2b.TasfB2bApplication - Started TasfB2bApplication in 2.02 seconds (process running for 2.536)
2026-04-22 23:28:39.624 [http-nio-8080-exec-1] INFO  o.a.c.core.ContainerBase.[Tomcat].[localhost].[/] - Initializing Spring DispatcherServlet 'dispatcherServlet'
2026-04-22 23:28:39.624 [http-nio-8080-exec-1] INFO  org.springframework.web.servlet.DispatcherServlet - Initializing Servlet 'dispatcherServlet'
2026-04-22 23:28:39.625 [http-nio-8080-exec-1] INFO  org.springframework.web.servlet.DispatcherServlet - Completed initialization in 1 ms
2026-04-22 23:28:39.689 [http-nio-8080-exec-1] INFO  pe.pucp.tasfb2b.controller.PlannerController - ========== NUEVA EJECUCION ==========
2026-04-22 23:28:39.689 [http-nio-8080-exec-1] INFO  pe.pucp.tasfb2b.controller.PlannerController - Algoritmo solicitado: ALNS
2026-04-22 23:28:39.690 [http-nio-8080-exec-1] INFO  pe.pucp.tasfb2b.controller.PlannerController - Archivos recibidos: aeropuertos=aeropuertos.csv (1681 bytes), vuelos=vuelos.csv (581343 bytes), envios=envios.csv (13550 bytes), parametros=parametros.csv (122 bytes)
2026-04-22 23:28:39.690 [http-nio-8080-exec-1] INFO  pe.pucp.tasfb2b.controller.PlannerController - [1/3] Cargando escenario desde CSVs...
2026-04-22 23:28:39.690 [http-nio-8080-exec-1] DEBUG pe.pucp.tasfb2b.service.ScenarioLoader - Iniciando carga de escenario...
2026-04-22 23:28:39.690 [http-nio-8080-exec-1] DEBUG pe.pucp.tasfb2b.service.ScenarioLoader -   [aeropuertos] Header: idAeropuerto,ciudad,pais,continente,latitud,longitud,capacidadMaxima,tiempoProcesamientoMin
2026-04-22 23:28:39.692 [http-nio-8080-exec-1] INFO  pe.pucp.tasfb2b.service.ScenarioLoader -   Aeropuertos parseados: 28
2026-04-22 23:28:39.693 [http-nio-8080-exec-1] DEBUG pe.pucp.tasfb2b.service.ScenarioLoader -   [vuelos] Header: idVuelo,iataOrigen,iataDestino,horaSalidaUtc,horaLlegadaUtc,capacidadMaletas,cancelado
2026-04-22 23:28:39.766 [http-nio-8080-exec-1] INFO  pe.pucp.tasfb2b.service.ScenarioLoader -   Vuelos parseados: 7452
2026-04-22 23:28:39.767 [http-nio-8080-exec-1] DEBUG pe.pucp.tasfb2b.service.ScenarioLoader -   [envios] Header: idEnvio,iataOrigen,iataDestino,tipoPaquete,cantidadMaletas,horaDisponibilidadUtc
2026-04-22 23:28:39.768 [http-nio-8080-exec-1] INFO  pe.pucp.tasfb2b.service.ScenarioLoader -   Envios parseados: 221
2026-04-22 23:28:39.768 [http-nio-8080-exec-1] DEBUG pe.pucp.tasfb2b.service.ScenarioLoader -   [parametros] Header: periodoDias,fechaInicioUtc,semillaAleatoria,configuracionAdicional,w1,w2,w3
2026-04-22 23:28:39.768 [http-nio-8080-exec-1] DEBUG pe.pucp.tasfb2b.service.ScenarioLoader -   [parametros] Linea 2: campos=7, contenido='3,2026-01-02T00:00:00Z,42,ninguna,0.5,0.2,0.3'
2026-04-22 23:28:39.768 [http-nio-8080-exec-1] INFO  pe.pucp.tasfb2b.service.ScenarioLoader -   Parametros: periodo=3 dias, semilla=42, w1=0.5, w2=0.2, w3=0.3
2026-04-22 23:28:39.768 [http-nio-8080-exec-1] INFO  pe.pucp.tasfb2b.controller.PlannerController - [1/3] Escenario cargado: 28 aeropuertos, 7452 vuelos, 221 envios, periodo=3 dias, semilla=42
2026-04-22 23:28:39.768 [http-nio-8080-exec-1] INFO  pe.pucp.tasfb2b.controller.PlannerController - [2/3] Seleccionando algoritmo 'ALNS'...
2026-04-22 23:28:39.769 [http-nio-8080-exec-1] INFO  pe.pucp.tasfb2b.controller.PlannerController - [2/3] Algoritmo seleccionado: ALNS
2026-04-22 23:28:39.770 [http-nio-8080-exec-1] INFO  pe.pucp.tasfb2b.controller.PlannerController - [3/3] Ejecutando planificacion...
2026-04-22 23:28:39.770 [http-nio-8080-exec-1] INFO  pe.pucp.tasfb2b.planner.alns.AlnsPlanner - ALNS iniciado: nMax=10000, qPct=0.15, t0=1.0, alpha=0.9995, k=3
2026-04-22 23:28:39.770 [http-nio-8080-exec-1] INFO  pe.pucp.tasfb2b.planner.alns.AlnsPlanner - Construyendo solucion inicial (Greedy)...
2026-04-22 23:28:39.787 [http-nio-8080-exec-1] DEBUG pe.pucp.tasfb2b.planner.alns.GreedyInitializer -   NO ASIGNADO: SPIM-000000043 (SPIM->LOWW, 172 maletas) -> Razon: SIN_CAPACIDAD
2026-04-22 23:28:39.789 [http-nio-8080-exec-1] DEBUG pe.pucp.tasfb2b.planner.alns.GreedyInitializer -   NO ASIGNADO: SPIM-000000047 (SPIM->OPKC, 324 maletas) -> Razon: SIN_HORARIO
2026-04-22 23:28:39.789 [http-nio-8080-exec-1] DEBUG pe.pucp.tasfb2b.planner.alns.GreedyInitializer -   NO ASIGNADO: SPIM-000000049 (SPIM->SVMI, 327 maletas) -> Razon: SIN_CAPACIDAD
2026-04-22 23:28:39.791 [http-nio-8080-exec-1] DEBUG pe.pucp.tasfb2b.planner.alns.GreedyInitializer -   NO ASIGNADO: SPIM-000000060 (SPIM->SGAS, 154 maletas) -> Razon: SIN_CAPACIDAD
2026-04-22 23:28:39.795 [http-nio-8080-exec-1] DEBUG pe.pucp.tasfb2b.planner.alns.GreedyInitializer -   NO ASIGNADO: SKBO-000000040 (SKBO->EDDI, 224 maletas) -> Razon: SIN_CAPACIDAD
2026-04-22 23:28:39.796 [http-nio-8080-exec-1] DEBUG pe.pucp.tasfb2b.planner.alns.GreedyInitializer -   NO ASIGNADO: SKBO-000000042 (SKBO->EDDI, 274 maletas) -> Razon: SIN_CAPACIDAD
2026-04-22 23:28:39.797 [http-nio-8080-exec-1] DEBUG pe.pucp.tasfb2b.planner.alns.GreedyInitializer -   NO ASIGNADO: SKBO-000000045 (SKBO->EDDI, 113 maletas) -> Razon: SIN_CAPACIDAD
2026-04-22 23:28:39.798 [http-nio-8080-exec-1] DEBUG pe.pucp.tasfb2b.planner.alns.GreedyInitializer -   NO ASIGNADO: SKBO-000000054 (SKBO->SGAS, 276 maletas) -> Razon: SIN_CAPACIDAD
2026-04-22 23:28:39.820 [http-nio-8080-exec-1] INFO  pe.pucp.tasfb2b.planner.alns.GreedyInitializer - Greedy resultado: asignados=213, sinRuta=0, sinHorario=1, sinCapacidad=7, total=221
2026-04-22 23:28:39.827 [http-nio-8080-exec-1] INFO  pe.pucp.tasfb2b.planner.alns.AlnsPlanner - Solucion inicial: F=0.086368
2026-04-22 23:28:39.830 [http-nio-8080-exec-1] INFO  pe.pucp.tasfb2b.planner.alns.AlnsPlanner - Parametros calculados: q=33 envios a remover por iteracion
