2026-04-22 23:25:56.619 [http-nio-8080-exec-5] INFO  pe.pucp.tasfb2b.controller.PlannerController - ========== NUEVA EJECUCION ==========
2026-04-22 23:25:56.621 [http-nio-8080-exec-5] INFO  pe.pucp.tasfb2b.controller.PlannerController - Algoritmo solicitado: ALNS
2026-04-22 23:25:56.621 [http-nio-8080-exec-5] INFO  pe.pucp.tasfb2b.controller.PlannerController - Archivos recibidos: aeropuertos=aeropuertos.csv (1681 bytes), vuelos=vuelos.csv (581343 bytes), envios=envios.csv (13550 bytes), parametros=parametros.csv (122 bytes)
2026-04-22 23:25:56.621 [http-nio-8080-exec-5] INFO  pe.pucp.tasfb2b.controller.PlannerController - [1/3] Cargando escenario desde CSVs...
2026-04-22 23:25:56.621 [http-nio-8080-exec-5] DEBUG pe.pucp.tasfb2b.service.ScenarioLoader - Iniciando carga de escenario...
2026-04-22 23:25:56.654 [http-nio-8080-exec-5] DEBUG pe.pucp.tasfb2b.service.ScenarioLoader -   [aeropuertos] Header: idAeropuerto,ciudad,pais,continente,latitud,longitud,capacidadMaxima,tiempoProcesamientoMin
2026-04-22 23:25:56.654 [http-nio-8080-exec-5] INFO  pe.pucp.tasfb2b.service.ScenarioLoader -   Aeropuertos parseados: 28
2026-04-22 23:25:56.654 [http-nio-8080-exec-5] DEBUG pe.pucp.tasfb2b.service.ScenarioLoader -   [vuelos] Header: idVuelo,iataOrigen,iataDestino,horaSalidaUtc,horaLlegadaUtc,capacidadMaletas,cancelado
2026-04-22 23:25:56.720 [http-nio-8080-exec-5] INFO  pe.pucp.tasfb2b.service.ScenarioLoader -   Vuelos parseados: 7452
2026-04-22 23:25:56.721 [http-nio-8080-exec-5] DEBUG pe.pucp.tasfb2b.service.ScenarioLoader -   [envios] Header: idEnvio,iataOrigen,iataDestino,tipoPaquete,cantidadMaletas,horaDisponibilidadUtc
2026-04-22 23:25:56.723 [http-nio-8080-exec-5] INFO  pe.pucp.tasfb2b.service.ScenarioLoader -   Envios parseados: 221
2026-04-22 23:25:56.723 [http-nio-8080-exec-5] DEBUG pe.pucp.tasfb2b.service.ScenarioLoader -   [parametros] Header: periodoDias,fechaInicioUtc,semillaAleatoria,configuracionAdicional,w1,w2,w3
2026-04-22 23:25:56.723 [http-nio-8080-exec-5] DEBUG pe.pucp.tasfb2b.service.ScenarioLoader -   [parametros] Linea 2: campos=7, contenido='3,2026-01-02T00:00:00Z,42,ninguna,0.5,0.2,0.3'
2026-04-22 23:25:56.723 [http-nio-8080-exec-5] INFO  pe.pucp.tasfb2b.service.ScenarioLoader -   Parametros: periodo=3 dias, semilla=42, w1=0.5, w2=0.2, w3=0.3
2026-04-22 23:25:56.724 [http-nio-8080-exec-5] INFO  pe.pucp.tasfb2b.controller.PlannerController - [1/3] Escenario cargado: 28 aeropuertos, 7452 vuelos, 221 envios, periodo=3 dias, semilla=42
2026-04-22 23:25:56.724 [http-nio-8080-exec-5] INFO  pe.pucp.tasfb2b.controller.PlannerController - [2/3] Seleccionando algoritmo 'ALNS'...
2026-04-22 23:25:56.724 [http-nio-8080-exec-5] INFO  pe.pucp.tasfb2b.controller.PlannerController - [2/3] Algoritmo seleccionado: ALNS
2026-04-22 23:25:56.724 [http-nio-8080-exec-5] INFO  pe.pucp.tasfb2b.controller.PlannerController - [3/3] Ejecutando planificacion...
2026-04-22 23:25:56.724 [http-nio-8080-exec-5] INFO  pe.pucp.tasfb2b.planner.alns.AlnsPlanner - ALNS iniciado: nMax=10000, qPct=0.15, t0=1.0, alpha=0.9995, k=3
2026-04-22 23:25:56.724 [http-nio-8080-exec-5] INFO  pe.pucp.tasfb2b.planner.alns.AlnsPlanner - Construyendo solucion inicial (Greedy)...
2026-04-22 23:25:56.758 [http-nio-8080-exec-5] INFO  pe.pucp.tasfb2b.planner.alns.AlnsPlanner - Solucion inicial: F=0.500000
2026-04-22 23:25:56.758 [http-nio-8080-exec-5] INFO  pe.pucp.tasfb2b.planner.alns.AlnsPlanner - Parametros calculados: q=33 envios a remover por iteracion
2026-04-22 23:25:56.925 [http-nio-8080-exec-5] INFO  pe.pucp.tasfb2b.planner.alns.AlnsPlanner -   Progreso: iteracion 1000/10000 | F_actual=0.500000 | F_mejor=0.500000
2026-04-22 23:25:57.071 [http-nio-8080-exec-5] INFO  pe.pucp.tasfb2b.planner.alns.AlnsPlanner -   Progreso: iteracion 2000/10000 | F_actual=0.500000 | F_mejor=0.500000
2026-04-22 23:25:57.215 [http-nio-8080-exec-5] INFO  pe.pucp.tasfb2b.planner.alns.AlnsPlanner -   Progreso: iteracion 3000/10000 | F_actual=0.500000 | F_mejor=0.500000
2026-04-22 23:25:57.367 [http-nio-8080-exec-5] INFO  pe.pucp.tasfb2b.planner.alns.AlnsPlanner -   Progreso: iteracion 4000/10000 | F_actual=0.500000 | F_mejor=0.500000
2026-04-22 23:25:57.506 [http-nio-8080-exec-5] INFO  pe.pucp.tasfb2b.planner.alns.AlnsPlanner -   Progreso: iteracion 5000/10000 | F_actual=0.500000 | F_mejor=0.500000
2026-04-22 23:25:57.615 [http-nio-8080-exec-5] INFO  pe.pucp.tasfb2b.planner.alns.AlnsPlanner -   Progreso: iteracion 6000/10000 | F_actual=0.500000 | F_mejor=0.500000
2026-04-22 23:25:57.713 [http-nio-8080-exec-5] INFO  pe.pucp.tasfb2b.planner.alns.AlnsPlanner -   Progreso: iteracion 7000/10000 | F_actual=0.500000 | F_mejor=0.500000
2026-04-22 23:25:57.804 [http-nio-8080-exec-5] INFO  pe.pucp.tasfb2b.planner.alns.AlnsPlanner -   Progreso: iteracion 8000/10000 | F_actual=0.500000 | F_mejor=0.500000
2026-04-22 23:25:57.884 [http-nio-8080-exec-5] INFO  pe.pucp.tasfb2b.planner.alns.AlnsPlanner -   Progreso: iteracion 9000/10000 | F_actual=0.500000 | F_mejor=0.500000
2026-04-22 23:25:57.966 [http-nio-8080-exec-5] INFO  pe.pucp.tasfb2b.planner.alns.AlnsPlanner -   Progreso: iteracion 10000/10000 | F_actual=0.500000 | F_mejor=0.500000
2026-04-22 23:25:57.966 [http-nio-8080-exec-5] INFO  pe.pucp.tasfb2b.planner.alns.AlnsPlanner - ALNS finalizado en 1242 ms | F_mejor=0.500000
2026-04-22 23:25:57.969 [http-nio-8080-exec-5] INFO  pe.pucp.tasfb2b.planner.alns.AlnsPlanner - KPIs: entregasATiempo=0.0%, enviosAsignados=0.0%, ocupacionVuelos=0.0%, maletasRetrasadas=0
2026-04-22 23:25:57.969 [http-nio-8080-exec-5] INFO  pe.pucp.tasfb2b.controller.PlannerController - [3/3] Planificacion completada en 1245 ms
2026-04-22 23:25:57.969 [http-nio-8080-exec-5] INFO  pe.pucp.tasfb2b.controller.PlannerController -   Resultado: F=0.5, asignaciones=221, kpis.entregasATiempo=0.0%
2026-04-22 23:25:57.969 [http-nio-8080-exec-5] INFO  pe.pucp.tasfb2b.controller.PlannerController - ========== FIN EJECUCION (OK) ==========
