2026-04-22 23:27:13.141 [http-nio-8080-exec-2] INFO  o.a.c.core.ContainerBase.[Tomcat].[localhost].[/] - Initializing Spring DispatcherServlet 'dispatcherServlet'
2026-04-22 23:27:13.144 [http-nio-8080-exec-2] INFO  org.springframework.web.servlet.DispatcherServlet - Initializing Servlet 'dispatcherServlet'
2026-04-22 23:27:13.145 [http-nio-8080-exec-2] INFO  org.springframework.web.servlet.DispatcherServlet - Completed initialization in 1 ms
2026-04-22 23:27:13.203 [http-nio-8080-exec-2] INFO  pe.pucp.tasfb2b.controller.PlannerController - ========== NUEVA EJECUCION ==========
2026-04-22 23:27:13.203 [http-nio-8080-exec-2] INFO  pe.pucp.tasfb2b.controller.PlannerController - Algoritmo solicitado: ALNS
2026-04-22 23:27:13.203 [http-nio-8080-exec-2] INFO  pe.pucp.tasfb2b.controller.PlannerController - Archivos recibidos: aeropuertos=aeropuertos.csv (1681 bytes), vuelos=vuelos.csv (581343 bytes), envios=envios.csv (13550 bytes), parametros=parametros.csv (122 bytes)
2026-04-22 23:27:13.208 [http-nio-8080-exec-2] INFO  pe.pucp.tasfb2b.controller.PlannerController - [1/3] Cargando escenario desde CSVs...
2026-04-22 23:27:13.208 [http-nio-8080-exec-2] DEBUG pe.pucp.tasfb2b.service.ScenarioLoader - Iniciando carga de escenario...
2026-04-22 23:27:13.208 [http-nio-8080-exec-2] DEBUG pe.pucp.tasfb2b.service.ScenarioLoader -   [aeropuertos] Header: idAeropuerto,ciudad,pais,continente,latitud,longitud,capacidadMaxima,tiempoProcesamientoMin
2026-04-22 23:27:13.210 [http-nio-8080-exec-2] INFO  pe.pucp.tasfb2b.service.ScenarioLoader -   Aeropuertos parseados: 28
2026-04-22 23:27:13.210 [http-nio-8080-exec-2] DEBUG pe.pucp.tasfb2b.service.ScenarioLoader -   [vuelos] Header: idVuelo,iataOrigen,iataDestino,horaSalidaUtc,horaLlegadaUtc,capacidadMaletas,cancelado
2026-04-22 23:27:13.286 [http-nio-8080-exec-2] INFO  pe.pucp.tasfb2b.service.ScenarioLoader -   Vuelos parseados: 7452
2026-04-22 23:27:13.286 [http-nio-8080-exec-2] DEBUG pe.pucp.tasfb2b.service.ScenarioLoader -   [envios] Header: idEnvio,iataOrigen,iataDestino,tipoPaquete,cantidadMaletas,horaDisponibilidadUtc
2026-04-22 23:27:13.287 [http-nio-8080-exec-2] INFO  pe.pucp.tasfb2b.service.ScenarioLoader -   Envios parseados: 221
2026-04-22 23:27:13.287 [http-nio-8080-exec-2] DEBUG pe.pucp.tasfb2b.service.ScenarioLoader -   [parametros] Header: periodoDias,fechaInicioUtc,semillaAleatoria,configuracionAdicional,w1,w2,w3
2026-04-22 23:27:13.287 [http-nio-8080-exec-2] DEBUG pe.pucp.tasfb2b.service.ScenarioLoader -   [parametros] Linea 2: campos=7, contenido='3,2026-01-02T00:00:00Z,42,ninguna,0.5,0.2,0.3'
2026-04-22 23:27:13.288 [http-nio-8080-exec-2] INFO  pe.pucp.tasfb2b.service.ScenarioLoader -   Parametros: periodo=3 dias, semilla=42, w1=0.5, w2=0.2, w3=0.3
2026-04-22 23:27:13.288 [http-nio-8080-exec-2] INFO  pe.pucp.tasfb2b.controller.PlannerController - [1/3] Escenario cargado: 28 aeropuertos, 7452 vuelos, 221 envios, periodo=3 dias, semilla=42
2026-04-22 23:27:13.288 [http-nio-8080-exec-2] INFO  pe.pucp.tasfb2b.controller.PlannerController - [2/3] Seleccionando algoritmo 'ALNS'...
2026-04-22 23:27:13.289 [http-nio-8080-exec-2] INFO  pe.pucp.tasfb2b.controller.PlannerController - [2/3] Algoritmo seleccionado: ALNS
2026-04-22 23:27:13.289 [http-nio-8080-exec-2] INFO  pe.pucp.tasfb2b.controller.PlannerController - [3/3] Ejecutando planificacion...
2026-04-22 23:27:13.290 [http-nio-8080-exec-2] INFO  pe.pucp.tasfb2b.planner.alns.AlnsPlanner - ALNS iniciado: nMax=10000, qPct=0.15, t0=1.0, alpha=0.9995, k=3
2026-04-22 23:27:13.290 [http-nio-8080-exec-2] INFO  pe.pucp.tasfb2b.planner.alns.AlnsPlanner - Construyendo solucion inicial (Greedy)...
2026-04-22 23:27:13.292 [http-nio-8080-exec-2] DEBUG pe.pucp.tasfb2b.planner.alns.GreedyInitializer -   NO ASIGNADO: SPIM-000000001 (LKPR->URGENTE, 127 maletas) -> Razon: SIN_RUTA
2026-04-22 23:27:13.295 [http-nio-8080-exec-2] DEBUG pe.pucp.tasfb2b.planner.alns.GreedyInitializer -   NO ASIGNADO: SPIM-000000002 (LBSF->URGENTE, 206 maletas) -> Razon: SIN_RUTA
2026-04-22 23:27:13.296 [http-nio-8080-exec-2] DEBUG pe.pucp.tasfb2b.planner.alns.GreedyInitializer -   NO ASIGNADO: SPIM-000000003 (OAKB->NORMAL, 215 maletas) -> Razon: SIN_RUTA
2026-04-22 23:27:13.298 [http-nio-8080-exec-2] DEBUG pe.pucp.tasfb2b.planner.alns.GreedyInitializer -   NO ASIGNADO: SPIM-000000004 (OSDI->NORMAL, 62 maletas) -> Razon: SIN_RUTA
2026-04-22 23:27:13.299 [http-nio-8080-exec-2] DEBUG pe.pucp.tasfb2b.planner.alns.GreedyInitializer -   NO ASIGNADO: SPIM-000000005 (EHAM->NORMAL, 19 maletas) -> Razon: SIN_RUTA
2026-04-22 23:27:13.315 [http-nio-8080-exec-2] DEBUG pe.pucp.tasfb2b.planner.alns.GreedyInitializer -   NO ASIGNADO: SPIM-000000006 (OSDI->NORMAL, 111 maletas) -> Razon: SIN_RUTA
2026-04-22 23:27:13.319 [http-nio-8080-exec-2] DEBUG pe.pucp.tasfb2b.planner.alns.GreedyInitializer -   NO ASIGNADO: SPIM-000000007 (OSDI->NORMAL, 80 maletas) -> Razon: SIN_RUTA
2026-04-22 23:27:13.321 [http-nio-8080-exec-2] DEBUG pe.pucp.tasfb2b.planner.alns.GreedyInitializer -   NO ASIGNADO: SPIM-000000008 (SBBR->NORMAL, 51 maletas) -> Razon: SIN_RUTA
2026-04-22 23:27:13.322 [http-nio-8080-exec-2] DEBUG pe.pucp.tasfb2b.planner.alns.GreedyInitializer -   NO ASIGNADO: SPIM-000000009 (EHAM->NORMAL, 111 maletas) -> Razon: SIN_RUTA
2026-04-22 23:27:13.323 [http-nio-8080-exec-2] DEBUG pe.pucp.tasfb2b.planner.alns.GreedyInitializer -   NO ASIGNADO: SPIM-000000010 (UMMS->NORMAL, 183 maletas) -> Razon: SIN_RUTA
2026-04-22 23:27:13.324 [http-nio-8080-exec-2] DEBUG pe.pucp.tasfb2b.planner.alns.GreedyInitializer -   NO ASIGNADO: SPIM-000000011 (VIDP->NORMAL, 143 maletas) -> Razon: SIN_RUTA
2026-04-22 23:27:13.324 [http-nio-8080-exec-2] DEBUG pe.pucp.tasfb2b.planner.alns.GreedyInitializer -   NO ASIGNADO: SPIM-000000012 (LATI->NORMAL, 164 maletas) -> Razon: SIN_RUTA
2026-04-22 23:27:13.324 [http-nio-8080-exec-2] DEBUG pe.pucp.tasfb2b.planner.alns.GreedyInitializer -   NO ASIGNADO: SPIM-000000013 (SLLP->NORMAL, 61 maletas) -> Razon: SIN_RUTA
2026-04-22 23:27:13.324 [http-nio-8080-exec-2] DEBUG pe.pucp.tasfb2b.planner.alns.GreedyInitializer -   NO ASIGNADO: SPIM-000000014 (UBBB->NORMAL, 116 maletas) -> Razon: SIN_RUTA
2026-04-22 23:27:13.324 [http-nio-8080-exec-2] DEBUG pe.pucp.tasfb2b.planner.alns.GreedyInitializer -   NO ASIGNADO: SPIM-000000015 (SBBR->NORMAL, 185 maletas) -> Razon: SIN_RUTA
2026-04-22 23:27:13.325 [http-nio-8080-exec-2] DEBUG pe.pucp.tasfb2b.planner.alns.GreedyInitializer -   NO ASIGNADO: SPIM-000000016 (EKCH->NORMAL, 96 maletas) -> Razon: SIN_RUTA
2026-04-22 23:27:13.325 [http-nio-8080-exec-2] DEBUG pe.pucp.tasfb2b.planner.alns.GreedyInitializer -   NO ASIGNADO: SPIM-000000017 (LKPR->NORMAL, 279 maletas) -> Razon: SIN_RUTA
2026-04-22 23:27:13.325 [http-nio-8080-exec-2] DEBUG pe.pucp.tasfb2b.planner.alns.GreedyInitializer -   NO ASIGNADO: SPIM-000000018 (SABE->NORMAL, 164 maletas) -> Razon: SIN_RUTA
2026-04-22 23:27:13.326 [http-nio-8080-exec-2] DEBUG pe.pucp.tasfb2b.planner.alns.GreedyInitializer -   NO ASIGNADO: SPIM-000000019 (SBBR->NORMAL, 90 maletas) -> Razon: SIN_RUTA
2026-04-22 23:27:13.326 [http-nio-8080-exec-2] DEBUG pe.pucp.tasfb2b.planner.alns.GreedyInitializer -   NO ASIGNADO: SPIM-000000020 (OJAI->NORMAL, 189 maletas) -> Razon: SIN_RUTA
2026-04-22 23:27:13.326 [http-nio-8080-exec-2] DEBUG pe.pucp.tasfb2b.planner.alns.GreedyInitializer -   NO ASIGNADO: SPIM-000000021 (LATI->NORMAL, 277 maletas) -> Razon: SIN_RUTA
2026-04-22 23:27:13.326 [http-nio-8080-exec-2] DEBUG pe.pucp.tasfb2b.planner.alns.GreedyInitializer -   NO ASIGNADO: SPIM-000000022 (OAKB->URGENTE, 89 maletas) -> Razon: SIN_RUTA
2026-04-22 23:27:13.326 [http-nio-8080-exec-2] DEBUG pe.pucp.tasfb2b.planner.alns.GreedyInitializer -   NO ASIGNADO: SPIM-000000023 (SLLP->URGENTE, 141 maletas) -> Razon: SIN_RUTA
2026-04-22 23:27:13.326 [http-nio-8080-exec-2] DEBUG pe.pucp.tasfb2b.planner.alns.GreedyInitializer -   NO ASIGNADO: SPIM-000000024 (LOWW->NORMAL, 236 maletas) -> Razon: SIN_RUTA
2026-04-22 23:27:13.327 [http-nio-8080-exec-2] DEBUG pe.pucp.tasfb2b.planner.alns.GreedyInitializer -   NO ASIGNADO: SPIM-000000025 (SABE->NORMAL, 194 maletas) -> Razon: SIN_RUTA
2026-04-22 23:27:13.327 [http-nio-8080-exec-2] DEBUG pe.pucp.tasfb2b.planner.alns.GreedyInitializer -   NO ASIGNADO: SPIM-000000026 (LDZA->NORMAL, 122 maletas) -> Razon: SIN_RUTA
2026-04-22 23:27:13.327 [http-nio-8080-exec-2] DEBUG pe.pucp.tasfb2b.planner.alns.GreedyInitializer -   NO ASIGNADO: SPIM-000000027 (EKCH->NORMAL, 54 maletas) -> Razon: SIN_RUTA
2026-04-22 23:27:13.327 [http-nio-8080-exec-2] DEBUG pe.pucp.tasfb2b.planner.alns.GreedyInitializer -   NO ASIGNADO: SPIM-000000028 (OJAI->NORMAL, 292 maletas) -> Razon: SIN_RUTA
2026-04-22 23:27:13.328 [http-nio-8080-exec-2] DEBUG pe.pucp.tasfb2b.planner.alns.GreedyInitializer -   NO ASIGNADO: SPIM-000000029 (SBBR->NORMAL, 189 maletas) -> Razon: SIN_RUTA
2026-04-22 23:27:13.328 [http-nio-8080-exec-2] DEBUG pe.pucp.tasfb2b.planner.alns.GreedyInitializer -   NO ASIGNADO: SPIM-000000030 (SEQM->NORMAL, 176 maletas) -> Razon: SIN_RUTA
2026-04-22 23:27:13.328 [http-nio-8080-exec-2] DEBUG pe.pucp.tasfb2b.planner.alns.GreedyInitializer -   NO ASIGNADO: SPIM-000000031 (SEQM->NORMAL, 186 maletas) -> Razon: SIN_RUTA
2026-04-22 23:27:13.329 [http-nio-8080-exec-2] DEBUG pe.pucp.tasfb2b.planner.alns.GreedyInitializer -   NO ASIGNADO: SPIM-000000032 (SEQM->NORMAL, 129 maletas) -> Razon: SIN_RUTA
2026-04-22 23:27:13.329 [http-nio-8080-exec-2] DEBUG pe.pucp.tasfb2b.planner.alns.GreedyInitializer -   NO ASIGNADO: SPIM-000000033 (LDZA->NORMAL, 270 maletas) -> Razon: SIN_RUTA
2026-04-22 23:27:13.329 [http-nio-8080-exec-2] DEBUG pe.pucp.tasfb2b.planner.alns.GreedyInitializer -   NO ASIGNADO: SPIM-000000034 (OJAI->NORMAL, 294 maletas) -> Razon: SIN_RUTA
2026-04-22 23:27:13.329 [http-nio-8080-exec-2] DEBUG pe.pucp.tasfb2b.planner.alns.GreedyInitializer -   NO ASIGNADO: SPIM-000000035 (UBBB->NORMAL, 261 maletas) -> Razon: SIN_RUTA
2026-04-22 23:27:13.329 [http-nio-8080-exec-2] DEBUG pe.pucp.tasfb2b.planner.alns.GreedyInitializer -   NO ASIGNADO: SPIM-000000036 (SEQM->NORMAL, 67 maletas) -> Razon: SIN_RUTA
2026-04-22 23:27:13.329 [http-nio-8080-exec-2] DEBUG pe.pucp.tasfb2b.planner.alns.GreedyInitializer -   NO ASIGNADO: SPIM-000000037 (EDDI->NORMAL, 268 maletas) -> Razon: SIN_RUTA
2026-04-22 23:27:13.330 [http-nio-8080-exec-2] DEBUG pe.pucp.tasfb2b.planner.alns.GreedyInitializer -   NO ASIGNADO: SPIM-000000038 (EKCH->NORMAL, 315 maletas) -> Razon: SIN_RUTA
2026-04-22 23:27:13.330 [http-nio-8080-exec-2] DEBUG pe.pucp.tasfb2b.planner.alns.GreedyInitializer -   NO ASIGNADO: SPIM-000000039 (OSDI->NORMAL, 242 maletas) -> Razon: SIN_RUTA
2026-04-22 23:27:13.330 [http-nio-8080-exec-2] DEBUG pe.pucp.tasfb2b.planner.alns.GreedyInitializer -   NO ASIGNADO: SPIM-000000040 (SKBO->NORMAL, 159 maletas) -> Razon: SIN_RUTA
2026-04-22 23:27:13.330 [http-nio-8080-exec-2] DEBUG pe.pucp.tasfb2b.planner.alns.GreedyInitializer -   NO ASIGNADO: SPIM-000000041 (SVMI->NORMAL, 279 maletas) -> Razon: SIN_RUTA
2026-04-22 23:27:13.330 [http-nio-8080-exec-2] DEBUG pe.pucp.tasfb2b.planner.alns.GreedyInitializer -   NO ASIGNADO: SPIM-000000042 (SABE->NORMAL, 114 maletas) -> Razon: SIN_RUTA
2026-04-22 23:27:13.330 [http-nio-8080-exec-2] DEBUG pe.pucp.tasfb2b.planner.alns.GreedyInitializer -   NO ASIGNADO: SPIM-000000043 (LOWW->URGENTE, 172 maletas) -> Razon: SIN_RUTA
2026-04-22 23:27:13.330 [http-nio-8080-exec-2] DEBUG pe.pucp.tasfb2b.planner.alns.GreedyInitializer -   NO ASIGNADO: SPIM-000000044 (SUAA->URGENTE, 22 maletas) -> Razon: SIN_RUTA
2026-04-22 23:27:13.333 [http-nio-8080-exec-2] DEBUG pe.pucp.tasfb2b.planner.alns.GreedyInitializer -   NO ASIGNADO: SPIM-000000045 (EHAM->URGENTE, 172 maletas) -> Razon: SIN_RUTA
2026-04-22 23:27:13.339 [http-nio-8080-exec-2] DEBUG pe.pucp.tasfb2b.planner.alns.GreedyInitializer -   NO ASIGNADO: SPIM-000000046 (VIDP->URGENTE, 79 maletas) -> Razon: SIN_RUTA
2026-04-22 23:27:13.342 [http-nio-8080-exec-2] DEBUG pe.pucp.tasfb2b.planner.alns.GreedyInitializer -   NO ASIGNADO: SPIM-000000047 (OPKC->URGENTE, 324 maletas) -> Razon: SIN_RUTA
2026-04-22 23:27:13.344 [http-nio-8080-exec-2] DEBUG pe.pucp.tasfb2b.planner.alns.GreedyInitializer -   NO ASIGNADO: SPIM-000000048 (VIDP->URGENTE, 249 maletas) -> Razon: SIN_RUTA
2026-04-22 23:27:13.344 [http-nio-8080-exec-2] DEBUG pe.pucp.tasfb2b.planner.alns.GreedyInitializer -   NO ASIGNADO: SPIM-000000049 (SVMI->NORMAL, 327 maletas) -> Razon: SIN_RUTA
2026-04-22 23:27:13.344 [http-nio-8080-exec-2] DEBUG pe.pucp.tasfb2b.planner.alns.GreedyInitializer -   NO ASIGNADO: SPIM-000000050 (OOMS->NORMAL, 269 maletas) -> Razon: SIN_RUTA
2026-04-22 23:27:13.345 [http-nio-8080-exec-2] DEBUG pe.pucp.tasfb2b.planner.alns.GreedyInitializer -   NO ASIGNADO: SPIM-000000051 (SABE->NORMAL, 40 maletas) -> Razon: SIN_RUTA
2026-04-22 23:27:13.346 [http-nio-8080-exec-2] DEBUG pe.pucp.tasfb2b.planner.alns.GreedyInitializer -   NO ASIGNADO: SPIM-000000052 (EDDI->NORMAL, 100 maletas) -> Razon: SIN_RUTA
2026-04-22 23:27:13.346 [http-nio-8080-exec-2] DEBUG pe.pucp.tasfb2b.planner.alns.GreedyInitializer -   NO ASIGNADO: SPIM-000000054 (OYSN->NORMAL, 166 maletas) -> Razon: SIN_RUTA
2026-04-22 23:27:13.346 [http-nio-8080-exec-2] DEBUG pe.pucp.tasfb2b.planner.alns.GreedyInitializer -   NO ASIGNADO: SPIM-000000055 (SBBR->NORMAL, 159 maletas) -> Razon: SIN_RUTA
2026-04-22 23:27:13.346 [http-nio-8080-exec-2] DEBUG pe.pucp.tasfb2b.planner.alns.GreedyInitializer -   NO ASIGNADO: SPIM-000000056 (OJAI->NORMAL, 305 maletas) -> Razon: SIN_RUTA
2026-04-22 23:27:13.346 [http-nio-8080-exec-2] DEBUG pe.pucp.tasfb2b.planner.alns.GreedyInitializer -   NO ASIGNADO: SPIM-000000057 (OSDI->NORMAL, 216 maletas) -> Razon: SIN_RUTA
2026-04-22 23:27:13.347 [http-nio-8080-exec-2] DEBUG pe.pucp.tasfb2b.planner.alns.GreedyInitializer -   NO ASIGNADO: SPIM-000000058 (SGAS->NORMAL, 213 maletas) -> Razon: SIN_RUTA
2026-04-22 23:27:13.347 [http-nio-8080-exec-2] DEBUG pe.pucp.tasfb2b.planner.alns.GreedyInitializer -   NO ASIGNADO: SPIM-000000059 (UBBB->NORMAL, 270 maletas) -> Razon: SIN_RUTA
2026-04-22 23:27:13.348 [http-nio-8080-exec-2] DEBUG pe.pucp.tasfb2b.planner.alns.GreedyInitializer -   NO ASIGNADO: SPIM-000000060 (SGAS->NORMAL, 154 maletas) -> Razon: SIN_RUTA
2026-04-22 23:27:13.348 [http-nio-8080-exec-2] DEBUG pe.pucp.tasfb2b.planner.alns.GreedyInitializer -   NO ASIGNADO: SKBO-000000001 (SPIM->URGENTE, 192 maletas) -> Razon: SIN_RUTA
2026-04-22 23:27:13.348 [http-nio-8080-exec-2] DEBUG pe.pucp.tasfb2b.planner.alns.GreedyInitializer -   NO ASIGNADO: SKBO-000000002 (SPIM->URGENTE, 294 maletas) -> Razon: SIN_RUTA
2026-04-22 23:27:13.348 [http-nio-8080-exec-2] DEBUG pe.pucp.tasfb2b.planner.alns.GreedyInitializer -   NO ASIGNADO: SKBO-000000004 (SLLP->URGENTE, 168 maletas) -> Razon: SIN_RUTA
2026-04-22 23:27:13.349 [http-nio-8080-exec-2] DEBUG pe.pucp.tasfb2b.planner.alns.GreedyInitializer -   NO ASIGNADO: SKBO-000000005 (SEQM->URGENTE, 30 maletas) -> Razon: SIN_RUTA
2026-04-22 23:27:13.349 [http-nio-8080-exec-2] DEBUG pe.pucp.tasfb2b.planner.alns.GreedyInitializer -   NO ASIGNADO: SKBO-000000006 (SVMI->URGENTE, 54 maletas) -> Razon: SIN_RUTA
2026-04-22 23:27:13.349 [http-nio-8080-exec-2] DEBUG pe.pucp.tasfb2b.planner.alns.GreedyInitializer -   NO ASIGNADO: SKBO-000000007 (OSDI->URGENTE, 39 maletas) -> Razon: SIN_RUTA
2026-04-22 23:27:13.349 [http-nio-8080-exec-2] DEBUG pe.pucp.tasfb2b.planner.alns.GreedyInitializer -   NO ASIGNADO: SKBO-000000008 (SBBR->NORMAL, 124 maletas) -> Razon: SIN_RUTA
2026-04-22 23:27:13.350 [http-nio-8080-exec-2] DEBUG pe.pucp.tasfb2b.planner.alns.GreedyInitializer -   NO ASIGNADO: SKBO-000000009 (OSDI->NORMAL, 197 maletas) -> Razon: SIN_RUTA
2026-04-22 23:27:13.350 [http-nio-8080-exec-2] DEBUG pe.pucp.tasfb2b.planner.alns.GreedyInitializer -   NO ASIGNADO: SKBO-000000010 (SLLP->NORMAL, 217 maletas) -> Razon: SIN_RUTA
2026-04-22 23:27:13.350 [http-nio-8080-exec-2] DEBUG pe.pucp.tasfb2b.planner.alns.GreedyInitializer -   NO ASIGNADO: SKBO-000000011 (EDDI->NORMAL, 19 maletas) -> Razon: SIN_RUTA
2026-04-22 23:27:13.350 [http-nio-8080-exec-2] DEBUG pe.pucp.tasfb2b.planner.alns.GreedyInitializer -   NO ASIGNADO: SKBO-000000013 (OOMS->NORMAL, 287 maletas) -> Razon: SIN_RUTA
2026-04-22 23:27:13.351 [http-nio-8080-exec-2] DEBUG pe.pucp.tasfb2b.planner.alns.GreedyInitializer -   NO ASIGNADO: SKBO-000000014 (OSDI->NORMAL, 303 maletas) -> Razon: SIN_RUTA
2026-04-22 23:27:13.351 [http-nio-8080-exec-2] DEBUG pe.pucp.tasfb2b.planner.alns.GreedyInitializer -   NO ASIGNADO: SKBO-000000015 (SBBR->NORMAL, 151 maletas) -> Razon: SIN_RUTA
2026-04-22 23:27:13.351 [http-nio-8080-exec-2] DEBUG pe.pucp.tasfb2b.planner.alns.GreedyInitializer -   NO ASIGNADO: SKBO-000000016 (SEQM->NORMAL, 69 maletas) -> Razon: SIN_RUTA
2026-04-22 23:27:13.351 [http-nio-8080-exec-2] DEBUG pe.pucp.tasfb2b.planner.alns.GreedyInitializer -   NO ASIGNADO: SKBO-000000017 (UMMS->URGENTE, 328 maletas) -> Razon: SIN_RUTA
2026-04-22 23:27:13.351 [http-nio-8080-exec-2] DEBUG pe.pucp.tasfb2b.planner.alns.GreedyInitializer -   NO ASIGNADO: SKBO-000000018 (OPKC->URGENTE, 87 maletas) -> Razon: SIN_RUTA
2026-04-22 23:27:13.352 [http-nio-8080-exec-2] DEBUG pe.pucp.tasfb2b.planner.alns.GreedyInitializer -   NO ASIGNADO: SKBO-000000019 (OSDI->URGENTE, 8 maletas) -> Razon: SIN_RUTA
2026-04-22 23:27:13.352 [http-nio-8080-exec-2] DEBUG pe.pucp.tasfb2b.planner.alns.GreedyInitializer -   NO ASIGNADO: SKBO-000000020 (LKPR->URGENTE, 222 maletas) -> Razon: SIN_RUTA
2026-04-22 23:27:13.352 [http-nio-8080-exec-2] DEBUG pe.pucp.tasfb2b.planner.alns.GreedyInitializer -   NO ASIGNADO: SKBO-000000021 (LOWW->NORMAL, 301 maletas) -> Razon: SIN_RUTA
2026-04-22 23:27:13.352 [http-nio-8080-exec-2] DEBUG pe.pucp.tasfb2b.planner.alns.GreedyInitializer -   NO ASIGNADO: SKBO-000000022 (LATI->NORMAL, 193 maletas) -> Razon: SIN_RUTA
2026-04-22 23:27:13.353 [http-nio-8080-exec-2] DEBUG pe.pucp.tasfb2b.planner.alns.GreedyInitializer -   NO ASIGNADO: SKBO-000000023 (UBBB->NORMAL, 238 maletas) -> Razon: SIN_RUTA
2026-04-22 23:27:13.353 [http-nio-8080-exec-2] DEBUG pe.pucp.tasfb2b.planner.alns.GreedyInitializer -   NO ASIGNADO: SKBO-000000024 (VIDP->NORMAL, 244 maletas) -> Razon: SIN_RUTA
2026-04-22 23:27:13.354 [http-nio-8080-exec-2] DEBUG pe.pucp.tasfb2b.planner.alns.GreedyInitializer -   NO ASIGNADO: SKBO-000000025 (VIDP->NORMAL, 311 maletas) -> Razon: SIN_RUTA
2026-04-22 23:27:13.354 [http-nio-8080-exec-2] DEBUG pe.pucp.tasfb2b.planner.alns.GreedyInitializer -   NO ASIGNADO: SKBO-000000026 (SBBR->NORMAL, 196 maletas) -> Razon: SIN_RUTA
2026-04-22 23:27:13.354 [http-nio-8080-exec-2] DEBUG pe.pucp.tasfb2b.planner.alns.GreedyInitializer -   NO ASIGNADO: SKBO-000000028 (SCEL->NORMAL, 50 maletas) -> Razon: SIN_RUTA
2026-04-22 23:27:13.354 [http-nio-8080-exec-2] DEBUG pe.pucp.tasfb2b.planner.alns.GreedyInitializer -   NO ASIGNADO: SKBO-000000029 (OYSN->NORMAL, 263 maletas) -> Razon: SIN_RUTA
2026-04-22 23:27:13.354 [http-nio-8080-exec-2] DEBUG pe.pucp.tasfb2b.planner.alns.GreedyInitializer -   NO ASIGNADO: SKBO-000000030 (OAKB->NORMAL, 246 maletas) -> Razon: SIN_RUTA
2026-04-22 23:27:13.355 [http-nio-8080-exec-2] DEBUG pe.pucp.tasfb2b.planner.alns.GreedyInitializer -   NO ASIGNADO: SKBO-000000031 (EBCI->NORMAL, 215 maletas) -> Razon: SIN_RUTA
2026-04-22 23:27:13.355 [http-nio-8080-exec-2] DEBUG pe.pucp.tasfb2b.planner.alns.GreedyInitializer -   NO ASIGNADO: SKBO-000000032 (SGAS->NORMAL, 229 maletas) -> Razon: SIN_RUTA
2026-04-22 23:27:13.355 [http-nio-8080-exec-2] DEBUG pe.pucp.tasfb2b.planner.alns.GreedyInitializer -   NO ASIGNADO: SKBO-000000033 (EDDI->NORMAL, 311 maletas) -> Razon: SIN_RUTA
2026-04-22 23:27:13.356 [http-nio-8080-exec-2] DEBUG pe.pucp.tasfb2b.planner.alns.GreedyInitializer -   NO ASIGNADO: SKBO-000000034 (EHAM->NORMAL, 227 maletas) -> Razon: SIN_RUTA
2026-04-22 23:27:13.356 [http-nio-8080-exec-2] DEBUG pe.pucp.tasfb2b.planner.alns.GreedyInitializer -   NO ASIGNADO: SKBO-000000035 (OPKC->NORMAL, 317 maletas) -> Razon: SIN_RUTA
2026-04-22 23:27:13.356 [http-nio-8080-exec-2] DEBUG pe.pucp.tasfb2b.planner.alns.GreedyInitializer -   NO ASIGNADO: SKBO-000000036 (EDDI->URGENTE, 269 maletas) -> Razon: SIN_RUTA
2026-04-22 23:27:13.357 [http-nio-8080-exec-2] DEBUG pe.pucp.tasfb2b.planner.alns.GreedyInitializer -   NO ASIGNADO: SKBO-000000038 (LDZA->URGENTE, 51 maletas) -> Razon: SIN_RUTA
2026-04-22 23:27:13.357 [http-nio-8080-exec-2] DEBUG pe.pucp.tasfb2b.planner.alns.GreedyInitializer -   NO ASIGNADO: SKBO-000000039 (LOWW->URGENTE, 133 maletas) -> Razon: SIN_RUTA
2026-04-22 23:27:13.357 [http-nio-8080-exec-2] DEBUG pe.pucp.tasfb2b.planner.alns.GreedyInitializer -   NO ASIGNADO: SKBO-000000040 (EDDI->NORMAL, 224 maletas) -> Razon: SIN_RUTA
2026-04-22 23:27:13.358 [http-nio-8080-exec-2] DEBUG pe.pucp.tasfb2b.planner.alns.GreedyInitializer -   NO ASIGNADO: SKBO-000000041 (LDZA->NORMAL, 156 maletas) -> Razon: SIN_RUTA
2026-04-22 23:27:13.358 [http-nio-8080-exec-2] DEBUG pe.pucp.tasfb2b.planner.alns.GreedyInitializer -   NO ASIGNADO: SKBO-000000042 (EDDI->NORMAL, 274 maletas) -> Razon: SIN_RUTA
2026-04-22 23:27:13.358 [http-nio-8080-exec-2] DEBUG pe.pucp.tasfb2b.planner.alns.GreedyInitializer -   NO ASIGNADO: SKBO-000000043 (LATI->NORMAL, 217 maletas) -> Razon: SIN_RUTA
2026-04-22 23:27:13.358 [http-nio-8080-exec-2] DEBUG pe.pucp.tasfb2b.planner.alns.GreedyInitializer -   NO ASIGNADO: SKBO-000000044 (LKPR->NORMAL, 311 maletas) -> Razon: SIN_RUTA
2026-04-22 23:27:13.358 [http-nio-8080-exec-2] DEBUG pe.pucp.tasfb2b.planner.alns.GreedyInitializer -   NO ASIGNADO: SKBO-000000045 (EDDI->NORMAL, 113 maletas) -> Razon: SIN_RUTA
2026-04-22 23:27:13.358 [http-nio-8080-exec-2] DEBUG pe.pucp.tasfb2b.planner.alns.GreedyInitializer -   NO ASIGNADO: SKBO-000000046 (SABE->NORMAL, 278 maletas) -> Razon: SIN_RUTA
2026-04-22 23:27:13.359 [http-nio-8080-exec-2] DEBUG pe.pucp.tasfb2b.planner.alns.GreedyInitializer -   NO ASIGNADO: SKBO-000000047 (SBBR->NORMAL, 89 maletas) -> Razon: SIN_RUTA
2026-04-22 23:27:13.359 [http-nio-8080-exec-2] DEBUG pe.pucp.tasfb2b.planner.alns.GreedyInitializer -   NO ASIGNADO: SKBO-000000048 (EHAM->NORMAL, 242 maletas) -> Razon: SIN_RUTA
2026-04-22 23:27:13.359 [http-nio-8080-exec-2] DEBUG pe.pucp.tasfb2b.planner.alns.GreedyInitializer -   NO ASIGNADO: SKBO-000000049 (EKCH->NORMAL, 249 maletas) -> Razon: SIN_RUTA
2026-04-22 23:27:13.359 [http-nio-8080-exec-2] DEBUG pe.pucp.tasfb2b.planner.alns.GreedyInitializer -   NO ASIGNADO: SKBO-000000050 (OYSN->NORMAL, 164 maletas) -> Razon: SIN_RUTA
2026-04-22 23:27:13.359 [http-nio-8080-exec-2] DEBUG pe.pucp.tasfb2b.planner.alns.GreedyInitializer -   NO ASIGNADO: SKBO-000000051 (SGAS->NORMAL, 326 maletas) -> Razon: SIN_RUTA
2026-04-22 23:27:13.359 [http-nio-8080-exec-2] DEBUG pe.pucp.tasfb2b.planner.alns.GreedyInitializer -   NO ASIGNADO: SKBO-000000052 (LOWW->NORMAL, 174 maletas) -> Razon: SIN_RUTA
2026-04-22 23:27:13.360 [http-nio-8080-exec-2] DEBUG pe.pucp.tasfb2b.planner.alns.GreedyInitializer -   NO ASIGNADO: SKBO-000000053 (OJAI->NORMAL, 205 maletas) -> Razon: SIN_RUTA
2026-04-22 23:27:13.360 [http-nio-8080-exec-2] DEBUG pe.pucp.tasfb2b.planner.alns.GreedyInitializer -   NO ASIGNADO: SKBO-000000054 (SGAS->NORMAL, 276 maletas) -> Razon: SIN_RUTA
2026-04-22 23:27:13.360 [http-nio-8080-exec-2] DEBUG pe.pucp.tasfb2b.planner.alns.GreedyInitializer -   NO ASIGNADO: SKBO-000000055 (OSDI->NORMAL, 244 maletas) -> Razon: SIN_RUTA
2026-04-22 23:27:13.360 [http-nio-8080-exec-2] DEBUG pe.pucp.tasfb2b.planner.alns.GreedyInitializer -   NO ASIGNADO: SCEL-000000001 (UMMS->URGENTE, 262 maletas) -> Razon: SIN_RUTA
2026-04-22 23:27:13.361 [http-nio-8080-exec-2] DEBUG pe.pucp.tasfb2b.planner.alns.GreedyInitializer -   NO ASIGNADO: SCEL-000000002 (LDZA->URGENTE, 169 maletas) -> Razon: SIN_RUTA
2026-04-22 23:27:13.361 [http-nio-8080-exec-2] DEBUG pe.pucp.tasfb2b.planner.alns.GreedyInitializer -   NO ASIGNADO: SCEL-000000003 (OAKB->NORMAL, 70 maletas) -> Razon: SIN_RUTA
2026-04-22 23:27:13.361 [http-nio-8080-exec-2] DEBUG pe.pucp.tasfb2b.planner.alns.GreedyInitializer -   NO ASIGNADO: SCEL-000000004 (OYSN->NORMAL, 154 maletas) -> Razon: SIN_RUTA
2026-04-22 23:27:13.361 [http-nio-8080-exec-2] DEBUG pe.pucp.tasfb2b.planner.alns.GreedyInitializer -   NO ASIGNADO: SCEL-000000005 (SABE->NORMAL, 297 maletas) -> Razon: SIN_RUTA
2026-04-22 23:27:13.361 [http-nio-8080-exec-2] DEBUG pe.pucp.tasfb2b.planner.alns.GreedyInitializer -   NO ASIGNADO: SCEL-000000006 (SLLP->NORMAL, 23 maletas) -> Razon: SIN_RUTA
2026-04-22 23:27:13.361 [http-nio-8080-exec-2] DEBUG pe.pucp.tasfb2b.planner.alns.GreedyInitializer -   NO ASIGNADO: SCEL-000000008 (UBBB->NORMAL, 229 maletas) -> Razon: SIN_RUTA
2026-04-22 23:27:13.362 [http-nio-8080-exec-2] DEBUG pe.pucp.tasfb2b.planner.alns.GreedyInitializer -   NO ASIGNADO: SCEL-000000009 (EBCI->NORMAL, 99 maletas) -> Razon: SIN_RUTA
2026-04-22 23:27:13.362 [http-nio-8080-exec-2] DEBUG pe.pucp.tasfb2b.planner.alns.GreedyInitializer -   NO ASIGNADO: SCEL-000000010 (EDDI->NORMAL, 132 maletas) -> Razon: SIN_RUTA
2026-04-22 23:27:13.362 [http-nio-8080-exec-2] DEBUG pe.pucp.tasfb2b.planner.alns.GreedyInitializer -   NO ASIGNADO: SCEL-000000011 (EDDI->NORMAL, 320 maletas) -> Razon: SIN_RUTA
2026-04-22 23:27:13.362 [http-nio-8080-exec-2] DEBUG pe.pucp.tasfb2b.planner.alns.GreedyInitializer -   NO ASIGNADO: SCEL-000000012 (UMMS->NORMAL, 190 maletas) -> Razon: SIN_RUTA
2026-04-22 23:27:13.362 [http-nio-8080-exec-2] DEBUG pe.pucp.tasfb2b.planner.alns.GreedyInitializer -   NO ASIGNADO: SCEL-000000013 (SVMI->NORMAL, 255 maletas) -> Razon: SIN_RUTA
2026-04-22 23:27:13.363 [http-nio-8080-exec-2] DEBUG pe.pucp.tasfb2b.planner.alns.GreedyInitializer -   NO ASIGNADO: SCEL-000000014 (LDZA->NORMAL, 26 maletas) -> Razon: SIN_RUTA
2026-04-22 23:27:13.363 [http-nio-8080-exec-2] DEBUG pe.pucp.tasfb2b.planner.alns.GreedyInitializer -   NO ASIGNADO: SCEL-000000015 (EKCH->NORMAL, 215 maletas) -> Razon: SIN_RUTA
2026-04-22 23:27:13.363 [http-nio-8080-exec-2] DEBUG pe.pucp.tasfb2b.planner.alns.GreedyInitializer -   NO ASIGNADO: SCEL-000000016 (OJAI->NORMAL, 169 maletas) -> Razon: SIN_RUTA
2026-04-22 23:27:13.363 [http-nio-8080-exec-2] DEBUG pe.pucp.tasfb2b.planner.alns.GreedyInitializer -   NO ASIGNADO: SCEL-000000017 (OYSN->NORMAL, 61 maletas) -> Razon: SIN_RUTA
2026-04-22 23:27:13.363 [http-nio-8080-exec-2] DEBUG pe.pucp.tasfb2b.planner.alns.GreedyInitializer -   NO ASIGNADO: SCEL-000000018 (SPIM->NORMAL, 109 maletas) -> Razon: SIN_RUTA
2026-04-22 23:27:13.363 [http-nio-8080-exec-2] DEBUG pe.pucp.tasfb2b.planner.alns.GreedyInitializer -   NO ASIGNADO: SCEL-000000019 (EKCH->NORMAL, 305 maletas) -> Razon: SIN_RUTA
2026-04-22 23:27:13.364 [http-nio-8080-exec-2] DEBUG pe.pucp.tasfb2b.planner.alns.GreedyInitializer -   NO ASIGNADO: SCEL-000000020 (OPKC->NORMAL, 142 maletas) -> Razon: SIN_RUTA
2026-04-22 23:27:13.364 [http-nio-8080-exec-2] DEBUG pe.pucp.tasfb2b.planner.alns.GreedyInitializer -   NO ASIGNADO: SCEL-000000021 (LBSF->NORMAL, 194 maletas) -> Razon: SIN_RUTA
2026-04-22 23:27:13.364 [http-nio-8080-exec-2] DEBUG pe.pucp.tasfb2b.planner.alns.GreedyInitializer -   NO ASIGNADO: SCEL-000000022 (OOMS->URGENTE, 101 maletas) -> Razon: SIN_RUTA
2026-04-22 23:27:13.364 [http-nio-8080-exec-2] DEBUG pe.pucp.tasfb2b.planner.alns.GreedyInitializer -   NO ASIGNADO: SCEL-000000023 (LDZA->URGENTE, 320 maletas) -> Razon: SIN_RUTA
2026-04-22 23:27:13.364 [http-nio-8080-exec-2] DEBUG pe.pucp.tasfb2b.planner.alns.GreedyInitializer -   NO ASIGNADO: SCEL-000000024 (SBBR->NORMAL, 220 maletas) -> Razon: SIN_RUTA
2026-04-22 23:27:13.364 [http-nio-8080-exec-2] DEBUG pe.pucp.tasfb2b.planner.alns.GreedyInitializer -   NO ASIGNADO: SCEL-000000025 (SABE->NORMAL, 101 maletas) -> Razon: SIN_RUTA
2026-04-22 23:27:13.365 [http-nio-8080-exec-2] DEBUG pe.pucp.tasfb2b.planner.alns.GreedyInitializer -   NO ASIGNADO: SCEL-000000026 (EKCH->NORMAL, 255 maletas) -> Razon: SIN_RUTA
2026-04-22 23:27:13.365 [http-nio-8080-exec-2] DEBUG pe.pucp.tasfb2b.planner.alns.GreedyInitializer -   NO ASIGNADO: SCEL-000000027 (SGAS->NORMAL, 136 maletas) -> Razon: SIN_RUTA
2026-04-22 23:27:13.365 [http-nio-8080-exec-2] DEBUG pe.pucp.tasfb2b.planner.alns.GreedyInitializer -   NO ASIGNADO: SCEL-000000028 (EBCI->NORMAL, 207 maletas) -> Razon: SIN_RUTA
2026-04-22 23:27:13.365 [http-nio-8080-exec-2] DEBUG pe.pucp.tasfb2b.planner.alns.GreedyInitializer -   NO ASIGNADO: SCEL-000000030 (SLLP->NORMAL, 119 maletas) -> Razon: SIN_RUTA
2026-04-22 23:27:13.365 [http-nio-8080-exec-2] DEBUG pe.pucp.tasfb2b.planner.alns.GreedyInitializer -   NO ASIGNADO: SCEL-000000031 (OPKC->NORMAL, 310 maletas) -> Razon: SIN_RUTA
2026-04-22 23:27:13.365 [http-nio-8080-exec-2] DEBUG pe.pucp.tasfb2b.planner.alns.GreedyInitializer -   NO ASIGNADO: SCEL-000000032 (OYSN->NORMAL, 43 maletas) -> Razon: SIN_RUTA
2026-04-22 23:27:13.365 [http-nio-8080-exec-2] DEBUG pe.pucp.tasfb2b.planner.alns.GreedyInitializer -   NO ASIGNADO: SCEL-000000033 (OYSN->NORMAL, 114 maletas) -> Razon: SIN_RUTA
2026-04-22 23:27:13.366 [http-nio-8080-exec-2] DEBUG pe.pucp.tasfb2b.planner.alns.GreedyInitializer -   NO ASIGNADO: SCEL-000000035 (UMMS->NORMAL, 171 maletas) -> Razon: SIN_RUTA
2026-04-22 23:27:13.366 [http-nio-8080-exec-2] DEBUG pe.pucp.tasfb2b.planner.alns.GreedyInitializer -   NO ASIGNADO: SCEL-000000036 (OYSN->NORMAL, 158 maletas) -> Razon: SIN_RUTA
2026-04-22 23:27:13.366 [http-nio-8080-exec-2] DEBUG pe.pucp.tasfb2b.planner.alns.GreedyInitializer -   NO ASIGNADO: SCEL-000000037 (SVMI->NORMAL, 96 maletas) -> Razon: SIN_RUTA
2026-04-22 23:27:13.366 [http-nio-8080-exec-2] DEBUG pe.pucp.tasfb2b.planner.alns.GreedyInitializer -   NO ASIGNADO: SCEL-000000038 (UBBB->NORMAL, 326 maletas) -> Razon: SIN_RUTA
2026-04-22 23:27:13.366 [http-nio-8080-exec-2] DEBUG pe.pucp.tasfb2b.planner.alns.GreedyInitializer -   NO ASIGNADO: SCEL-000000039 (LOWW->NORMAL, 148 maletas) -> Razon: SIN_RUTA
2026-04-22 23:27:13.366 [http-nio-8080-exec-2] DEBUG pe.pucp.tasfb2b.planner.alns.GreedyInitializer -   NO ASIGNADO: SCEL-000000041 (OAKB->NORMAL, 286 maletas) -> Razon: SIN_RUTA
2026-04-22 23:27:13.367 [http-nio-8080-exec-2] DEBUG pe.pucp.tasfb2b.planner.alns.GreedyInitializer -   NO ASIGNADO: SCEL-000000042 (LBSF->NORMAL, 191 maletas) -> Razon: SIN_RUTA
2026-04-22 23:27:13.367 [http-nio-8080-exec-2] DEBUG pe.pucp.tasfb2b.planner.alns.GreedyInitializer -   NO ASIGNADO: SCEL-000000043 (OPKC->URGENTE, 138 maletas) -> Razon: SIN_RUTA
2026-04-22 23:27:13.367 [http-nio-8080-exec-2] DEBUG pe.pucp.tasfb2b.planner.alns.GreedyInitializer -   NO ASIGNADO: SCEL-000000044 (LKPR->URGENTE, 104 maletas) -> Razon: SIN_RUTA
2026-04-22 23:27:13.367 [http-nio-8080-exec-2] DEBUG pe.pucp.tasfb2b.planner.alns.GreedyInitializer -   NO ASIGNADO: SCEL-000000046 (SPIM->URGENTE, 120 maletas) -> Razon: SIN_RUTA
2026-04-22 23:27:13.367 [http-nio-8080-exec-2] DEBUG pe.pucp.tasfb2b.planner.alns.GreedyInitializer -   NO ASIGNADO: SCEL-000000047 (EBCI->URGENTE, 5 maletas) -> Razon: SIN_RUTA
2026-04-22 23:27:13.367 [http-nio-8080-exec-2] DEBUG pe.pucp.tasfb2b.planner.alns.GreedyInitializer -   NO ASIGNADO: SCEL-000000048 (SEQM->URGENTE, 113 maletas) -> Razon: SIN_RUTA
2026-04-22 23:27:13.367 [http-nio-8080-exec-2] DEBUG pe.pucp.tasfb2b.planner.alns.GreedyInitializer -   NO ASIGNADO: SCEL-000000049 (SGAS->URGENTE, 264 maletas) -> Razon: SIN_RUTA
2026-04-22 23:27:13.368 [http-nio-8080-exec-2] DEBUG pe.pucp.tasfb2b.planner.alns.GreedyInitializer -   NO ASIGNADO: SCEL-000000050 (SVMI->URGENTE, 69 maletas) -> Razon: SIN_RUTA
2026-04-22 23:27:13.368 [http-nio-8080-exec-2] DEBUG pe.pucp.tasfb2b.planner.alns.GreedyInitializer -   NO ASIGNADO: SCEL-000000051 (EBCI->URGENTE, 321 maletas) -> Razon: SIN_RUTA
2026-04-22 23:27:13.368 [http-nio-8080-exec-2] DEBUG pe.pucp.tasfb2b.planner.alns.GreedyInitializer -   NO ASIGNADO: SCEL-000000052 (OOMS->URGENTE, 107 maletas) -> Razon: SIN_RUTA
2026-04-22 23:27:13.368 [http-nio-8080-exec-2] DEBUG pe.pucp.tasfb2b.planner.alns.GreedyInitializer -   NO ASIGNADO: SCEL-000000053 (UBBB->NORMAL, 158 maletas) -> Razon: SIN_RUTA
2026-04-22 23:27:13.368 [http-nio-8080-exec-2] DEBUG pe.pucp.tasfb2b.planner.alns.GreedyInitializer -   NO ASIGNADO: SCEL-000000054 (OSDI->NORMAL, 81 maletas) -> Razon: SIN_RUTA
2026-04-22 23:27:13.368 [http-nio-8080-exec-2] DEBUG pe.pucp.tasfb2b.planner.alns.GreedyInitializer -   NO ASIGNADO: SCEL-000000055 (EHAM->NORMAL, 179 maletas) -> Razon: SIN_RUTA
2026-04-22 23:27:13.368 [http-nio-8080-exec-2] DEBUG pe.pucp.tasfb2b.planner.alns.GreedyInitializer -   NO ASIGNADO: SCEL-000000056 (OAKB->NORMAL, 139 maletas) -> Razon: SIN_RUTA
2026-04-22 23:27:13.368 [http-nio-8080-exec-2] DEBUG pe.pucp.tasfb2b.planner.alns.GreedyInitializer -   NO ASIGNADO: SABE-000000001 (EHAM->URGENTE, 57 maletas) -> Razon: SIN_RUTA
2026-04-22 23:27:13.369 [http-nio-8080-exec-2] DEBUG pe.pucp.tasfb2b.planner.alns.GreedyInitializer -   NO ASIGNADO: SABE-000000002 (UMMS->URGENTE, 310 maletas) -> Razon: SIN_RUTA
2026-04-22 23:27:13.369 [http-nio-8080-exec-2] DEBUG pe.pucp.tasfb2b.planner.alns.GreedyInitializer -   NO ASIGNADO: SABE-000000003 (SCEL->NORMAL, 15 maletas) -> Razon: SIN_RUTA
2026-04-22 23:27:13.369 [http-nio-8080-exec-2] DEBUG pe.pucp.tasfb2b.planner.alns.GreedyInitializer -   NO ASIGNADO: SABE-000000004 (OOMS->NORMAL, 72 maletas) -> Razon: SIN_RUTA
2026-04-22 23:27:13.370 [http-nio-8080-exec-2] DEBUG pe.pucp.tasfb2b.planner.alns.GreedyInitializer -   NO ASIGNADO: SABE-000000005 (OOMS->NORMAL, 123 maletas) -> Razon: SIN_RUTA
2026-04-22 23:27:13.370 [http-nio-8080-exec-2] DEBUG pe.pucp.tasfb2b.planner.alns.GreedyInitializer -   NO ASIGNADO: SABE-000000006 (SGAS->NORMAL, 176 maletas) -> Razon: SIN_RUTA
2026-04-22 23:27:13.370 [http-nio-8080-exec-2] DEBUG pe.pucp.tasfb2b.planner.alns.GreedyInitializer -   NO ASIGNADO: SABE-000000007 (OSDI->NORMAL, 231 maletas) -> Razon: SIN_RUTA
2026-04-22 23:27:13.371 [http-nio-8080-exec-2] DEBUG pe.pucp.tasfb2b.planner.alns.GreedyInitializer -   NO ASIGNADO: SABE-000000008 (OOMS->NORMAL, 279 maletas) -> Razon: SIN_RUTA
2026-04-22 23:27:13.371 [http-nio-8080-exec-2] DEBUG pe.pucp.tasfb2b.planner.alns.GreedyInitializer -   NO ASIGNADO: SABE-000000009 (SCEL->NORMAL, 293 maletas) -> Razon: SIN_RUTA
2026-04-22 23:27:13.371 [http-nio-8080-exec-2] DEBUG pe.pucp.tasfb2b.planner.alns.GreedyInitializer -   NO ASIGNADO: SABE-000000010 (OOMS->NORMAL, 297 maletas) -> Razon: SIN_RUTA
2026-04-22 23:27:13.371 [http-nio-8080-exec-2] DEBUG pe.pucp.tasfb2b.planner.alns.GreedyInitializer -   NO ASIGNADO: SABE-000000011 (EKCH->NORMAL, 259 maletas) -> Razon: SIN_RUTA
2026-04-22 23:27:13.371 [http-nio-8080-exec-2] DEBUG pe.pucp.tasfb2b.planner.alns.GreedyInitializer -   NO ASIGNADO: SABE-000000012 (OSDI->NORMAL, 253 maletas) -> Razon: SIN_RUTA
2026-04-22 23:27:13.371 [http-nio-8080-exec-2] DEBUG pe.pucp.tasfb2b.planner.alns.GreedyInitializer -   NO ASIGNADO: SABE-000000013 (OJAI->NORMAL, 214 maletas) -> Razon: SIN_RUTA
2026-04-22 23:27:13.371 [http-nio-8080-exec-2] DEBUG pe.pucp.tasfb2b.planner.alns.GreedyInitializer -   NO ASIGNADO: SABE-000000014 (OSDI->NORMAL, 196 maletas) -> Razon: SIN_RUTA
2026-04-22 23:27:13.372 [http-nio-8080-exec-2] DEBUG pe.pucp.tasfb2b.planner.alns.GreedyInitializer -   NO ASIGNADO: SABE-000000015 (SVMI->NORMAL, 246 maletas) -> Razon: SIN_RUTA
2026-04-22 23:27:13.372 [http-nio-8080-exec-2] DEBUG pe.pucp.tasfb2b.planner.alns.GreedyInitializer -   NO ASIGNADO: SABE-000000016 (EKCH->NORMAL, 262 maletas) -> Razon: SIN_RUTA
2026-04-22 23:27:13.372 [http-nio-8080-exec-2] DEBUG pe.pucp.tasfb2b.planner.alns.GreedyInitializer -   NO ASIGNADO: SABE-000000017 (EDDI->NORMAL, 8 maletas) -> Razon: SIN_RUTA
2026-04-22 23:27:13.372 [http-nio-8080-exec-2] DEBUG pe.pucp.tasfb2b.planner.alns.GreedyInitializer -   NO ASIGNADO: SABE-000000018 (SUAA->NORMAL, 191 maletas) -> Razon: SIN_RUTA
2026-04-22 23:27:13.372 [http-nio-8080-exec-2] DEBUG pe.pucp.tasfb2b.planner.alns.GreedyInitializer -   NO ASIGNADO: SABE-000000019 (LOWW->NORMAL, 314 maletas) -> Razon: SIN_RUTA
2026-04-22 23:27:13.372 [http-nio-8080-exec-2] DEBUG pe.pucp.tasfb2b.planner.alns.GreedyInitializer -   NO ASIGNADO: SABE-000000020 (SPIM->NORMAL, 165 maletas) -> Razon: SIN_RUTA
2026-04-22 23:27:13.373 [http-nio-8080-exec-2] DEBUG pe.pucp.tasfb2b.planner.alns.GreedyInitializer -   NO ASIGNADO: SABE-000000021 (SVMI->NORMAL, 119 maletas) -> Razon: SIN_RUTA
2026-04-22 23:27:13.373 [http-nio-8080-exec-2] DEBUG pe.pucp.tasfb2b.planner.alns.GreedyInitializer -   NO ASIGNADO: SABE-000000022 (SBBR->URGENTE, 7 maletas) -> Razon: SIN_RUTA
2026-04-22 23:27:13.373 [http-nio-8080-exec-2] DEBUG pe.pucp.tasfb2b.planner.alns.GreedyInitializer -   NO ASIGNADO: SABE-000000023 (SKBO->URGENTE, 93 maletas) -> Razon: SIN_RUTA
2026-04-22 23:27:13.373 [http-nio-8080-exec-2] DEBUG pe.pucp.tasfb2b.planner.alns.GreedyInitializer -   NO ASIGNADO: SABE-000000024 (OSDI->NORMAL, 143 maletas) -> Razon: SIN_RUTA
2026-04-22 23:27:13.373 [http-nio-8080-exec-2] DEBUG pe.pucp.tasfb2b.planner.alns.GreedyInitializer -   NO ASIGNADO: SABE-000000025 (OJAI->NORMAL, 208 maletas) -> Razon: SIN_RUTA
2026-04-22 23:27:13.373 [http-nio-8080-exec-2] DEBUG pe.pucp.tasfb2b.planner.alns.GreedyInitializer -   NO ASIGNADO: SABE-000000026 (SUAA->NORMAL, 256 maletas) -> Razon: SIN_RUTA
2026-04-22 23:27:13.374 [http-nio-8080-exec-2] DEBUG pe.pucp.tasfb2b.planner.alns.GreedyInitializer -   NO ASIGNADO: SABE-000000028 (SCEL->NORMAL, 314 maletas) -> Razon: SIN_RUTA
2026-04-22 23:27:13.374 [http-nio-8080-exec-2] DEBUG pe.pucp.tasfb2b.planner.alns.GreedyInitializer -   NO ASIGNADO: SABE-000000029 (SLLP->NORMAL, 14 maletas) -> Razon: SIN_RUTA
2026-04-22 23:27:13.374 [http-nio-8080-exec-2] DEBUG pe.pucp.tasfb2b.planner.alns.GreedyInitializer -   NO ASIGNADO: SABE-000000030 (SPIM->NORMAL, 125 maletas) -> Razon: SIN_RUTA
2026-04-22 23:27:13.374 [http-nio-8080-exec-2] DEBUG pe.pucp.tasfb2b.planner.alns.GreedyInitializer -   NO ASIGNADO: SABE-000000031 (SVMI->NORMAL, 273 maletas) -> Razon: SIN_RUTA
2026-04-22 23:27:13.374 [http-nio-8080-exec-2] DEBUG pe.pucp.tasfb2b.planner.alns.GreedyInitializer -   NO ASIGNADO: SABE-000000032 (SEQM->NORMAL, 266 maletas) -> Razon: SIN_RUTA
2026-04-22 23:27:13.374 [http-nio-8080-exec-2] DEBUG pe.pucp.tasfb2b.planner.alns.GreedyInitializer -   NO ASIGNADO: SABE-000000033 (UBBB->NORMAL, 286 maletas) -> Razon: SIN_RUTA
2026-04-22 23:27:13.374 [http-nio-8080-exec-2] DEBUG pe.pucp.tasfb2b.planner.alns.GreedyInitializer -   NO ASIGNADO: SABE-000000034 (EBCI->NORMAL, 185 maletas) -> Razon: SIN_RUTA
2026-04-22 23:27:13.374 [http-nio-8080-exec-2] DEBUG pe.pucp.tasfb2b.planner.alns.GreedyInitializer -   NO ASIGNADO: SABE-000000035 (SPIM->NORMAL, 19 maletas) -> Razon: SIN_RUTA
2026-04-22 23:27:13.375 [http-nio-8080-exec-2] DEBUG pe.pucp.tasfb2b.planner.alns.GreedyInitializer -   NO ASIGNADO: SABE-000000036 (LKPR->NORMAL, 314 maletas) -> Razon: SIN_RUTA
2026-04-22 23:27:13.375 [http-nio-8080-exec-2] DEBUG pe.pucp.tasfb2b.planner.alns.GreedyInitializer -   NO ASIGNADO: SABE-000000038 (EDDI->NORMAL, 156 maletas) -> Razon: SIN_RUTA
2026-04-22 23:27:13.375 [http-nio-8080-exec-2] DEBUG pe.pucp.tasfb2b.planner.alns.GreedyInitializer -   NO ASIGNADO: SABE-000000039 (SKBO->NORMAL, 283 maletas) -> Razon: SIN_RUTA
2026-04-22 23:27:13.375 [http-nio-8080-exec-2] DEBUG pe.pucp.tasfb2b.planner.alns.GreedyInitializer -   NO ASIGNADO: SABE-000000041 (EHAM->NORMAL, 152 maletas) -> Razon: SIN_RUTA
2026-04-22 23:27:13.375 [http-nio-8080-exec-2] DEBUG pe.pucp.tasfb2b.planner.alns.GreedyInitializer -   NO ASIGNADO: SABE-000000043 (SGAS->URGENTE, 325 maletas) -> Razon: SIN_RUTA
2026-04-22 23:27:13.375 [http-nio-8080-exec-2] DEBUG pe.pucp.tasfb2b.planner.alns.GreedyInitializer -   NO ASIGNADO: SABE-000000044 (OYSN->URGENTE, 239 maletas) -> Razon: SIN_RUTA
2026-04-22 23:27:13.376 [http-nio-8080-exec-2] DEBUG pe.pucp.tasfb2b.planner.alns.GreedyInitializer -   NO ASIGNADO: SABE-000000045 (VIDP->NORMAL, 194 maletas) -> Razon: SIN_RUTA
2026-04-22 23:27:13.376 [http-nio-8080-exec-2] DEBUG pe.pucp.tasfb2b.planner.alns.GreedyInitializer -   NO ASIGNADO: SABE-000000046 (OSDI->NORMAL, 136 maletas) -> Razon: SIN_RUTA
2026-04-22 23:27:13.376 [http-nio-8080-exec-2] DEBUG pe.pucp.tasfb2b.planner.alns.GreedyInitializer -   NO ASIGNADO: SABE-000000047 (LATI->NORMAL, 141 maletas) -> Razon: SIN_RUTA
2026-04-22 23:27:13.377 [http-nio-8080-exec-2] DEBUG pe.pucp.tasfb2b.planner.alns.GreedyInitializer -   NO ASIGNADO: SABE-000000048 (SUAA->NORMAL, 46 maletas) -> Razon: SIN_RUTA
2026-04-22 23:27:13.377 [http-nio-8080-exec-2] DEBUG pe.pucp.tasfb2b.planner.alns.GreedyInitializer -   NO ASIGNADO: SABE-000000049 (OSDI->NORMAL, 59 maletas) -> Razon: SIN_RUTA
2026-04-22 23:27:13.377 [http-nio-8080-exec-2] DEBUG pe.pucp.tasfb2b.planner.alns.GreedyInitializer -   NO ASIGNADO: SABE-000000050 (VIDP->NORMAL, 268 maletas) -> Razon: SIN_RUTA
2026-04-22 23:27:13.377 [http-nio-8080-exec-2] DEBUG pe.pucp.tasfb2b.planner.alns.GreedyInitializer -   NO ASIGNADO: SABE-000000051 (SEQM->NORMAL, 187 maletas) -> Razon: SIN_RUTA
2026-04-22 23:27:13.377 [http-nio-8080-exec-2] DEBUG pe.pucp.tasfb2b.planner.alns.GreedyInitializer -   NO ASIGNADO: SABE-000000052 (OSDI->NORMAL, 316 maletas) -> Razon: SIN_RUTA
2026-04-22 23:27:13.377 [http-nio-8080-exec-2] DEBUG pe.pucp.tasfb2b.planner.alns.GreedyInitializer -   NO ASIGNADO: SABE-000000053 (SEQM->NORMAL, 79 maletas) -> Razon: SIN_RUTA
2026-04-22 23:27:13.377 [http-nio-8080-exec-2] DEBUG pe.pucp.tasfb2b.planner.alns.GreedyInitializer -   NO ASIGNADO: SABE-000000054 (SVMI->NORMAL, 1 maletas) -> Razon: SIN_RUTA
2026-04-22 23:27:13.377 [http-nio-8080-exec-2] DEBUG pe.pucp.tasfb2b.planner.alns.GreedyInitializer -   NO ASIGNADO: SABE-000000055 (SEQM->NORMAL, 221 maletas) -> Razon: SIN_RUTA
2026-04-22 23:27:13.377 [http-nio-8080-exec-2] DEBUG pe.pucp.tasfb2b.planner.alns.GreedyInitializer -   NO ASIGNADO: SABE-000000056 (LBSF->NORMAL, 88 maletas) -> Razon: SIN_RUTA
2026-04-22 23:27:13.377 [http-nio-8080-exec-2] DEBUG pe.pucp.tasfb2b.planner.alns.GreedyInitializer -   NO ASIGNADO: SABE-000000057 (SKBO->NORMAL, 196 maletas) -> Razon: SIN_RUTA
2026-04-22 23:27:13.377 [http-nio-8080-exec-2] DEBUG pe.pucp.tasfb2b.planner.alns.GreedyInitializer -   NO ASIGNADO: SABE-000000058 (UBBB->NORMAL, 35 maletas) -> Razon: SIN_RUTA
2026-04-22 23:27:13.377 [http-nio-8080-exec-2] DEBUG pe.pucp.tasfb2b.planner.alns.GreedyInitializer -   NO ASIGNADO: SABE-000000059 (OOMS->NORMAL, 260 maletas) -> Razon: SIN_RUTA
2026-04-22 23:27:13.379 [http-nio-8080-exec-2] DEBUG pe.pucp.tasfb2b.planner.alns.GreedyInitializer -   NO ASIGNADO: SABE-000000060 (LATI->NORMAL, 181 maletas) -> Razon: SIN_RUTA
2026-04-22 23:27:13.379 [http-nio-8080-exec-2] DEBUG pe.pucp.tasfb2b.planner.alns.GreedyInitializer -   NO ASIGNADO: SABE-000000061 (LBSF->NORMAL, 182 maletas) -> Razon: SIN_RUTA
2026-04-22 23:27:13.379 [http-nio-8080-exec-2] DEBUG pe.pucp.tasfb2b.planner.alns.GreedyInitializer -   NO ASIGNADO: SABE-000000062 (EHAM->NORMAL, 168 maletas) -> Razon: SIN_RUTA
2026-04-22 23:27:13.380 [http-nio-8080-exec-2] DEBUG pe.pucp.tasfb2b.planner.alns.GreedyInitializer -   NO ASIGNADO: SABE-000000063 (SEQM->NORMAL, 69 maletas) -> Razon: SIN_RUTA
2026-04-22 23:27:13.380 [http-nio-8080-exec-2] DEBUG pe.pucp.tasfb2b.planner.alns.GreedyInitializer -   NO ASIGNADO: SABE-000000064 (OSDI->NORMAL, 14 maletas) -> Razon: SIN_RUTA
2026-04-22 23:27:13.380 [http-nio-8080-exec-2] INFO  pe.pucp.tasfb2b.planner.alns.GreedyInitializer - Greedy resultado: asignados=0, sinRuta=221, sinHorario=0, sinCapacidad=0, total=221
2026-04-22 23:27:13.386 [http-nio-8080-exec-2] INFO  pe.pucp.tasfb2b.planner.alns.AlnsPlanner - Solucion inicial: F=0.500000
2026-04-22 23:27:13.388 [http-nio-8080-exec-2] INFO  pe.pucp.tasfb2b.planner.alns.AlnsPlanner - Parametros calculados: q=33 envios a remover por iteracion
2026-04-22 23:27:13.513 [http-nio-8080-exec-2] INFO  pe.pucp.tasfb2b.planner.alns.AlnsPlanner -   Progreso: iteracion 1000/10000 | F_actual=0.500000 | F_mejor=0.500000
2026-04-22 23:27:13.619 [http-nio-8080-exec-2] INFO  pe.pucp.tasfb2b.planner.alns.AlnsPlanner -   Progreso: iteracion 2000/10000 | F_actual=0.500000 | F_mejor=0.500000
2026-04-22 23:27:13.697 [http-nio-8080-exec-2] INFO  pe.pucp.tasfb2b.planner.alns.AlnsPlanner -   Progreso: iteracion 3000/10000 | F_actual=0.500000 | F_mejor=0.500000
2026-04-22 23:27:13.823 [http-nio-8080-exec-2] INFO  pe.pucp.tasfb2b.planner.alns.AlnsPlanner -   Progreso: iteracion 4000/10000 | F_actual=0.500000 | F_mejor=0.500000
2026-04-22 23:27:13.905 [http-nio-8080-exec-2] INFO  pe.pucp.tasfb2b.planner.alns.AlnsPlanner -   Progreso: iteracion 5000/10000 | F_actual=0.500000 | F_mejor=0.500000
2026-04-22 23:27:13.984 [http-nio-8080-exec-2] INFO  pe.pucp.tasfb2b.planner.alns.AlnsPlanner -   Progreso: iteracion 6000/10000 | F_actual=0.500000 | F_mejor=0.500000
2026-04-22 23:27:14.067 [http-nio-8080-exec-2] INFO  pe.pucp.tasfb2b.planner.alns.AlnsPlanner -   Progreso: iteracion 7000/10000 | F_actual=0.500000 | F_mejor=0.500000
2026-04-22 23:27:14.150 [http-nio-8080-exec-2] INFO  pe.pucp.tasfb2b.planner.alns.AlnsPlanner -   Progreso: iteracion 8000/10000 | F_actual=0.500000 | F_mejor=0.500000
2026-04-22 23:27:14.247 [http-nio-8080-exec-2] INFO  pe.pucp.tasfb2b.planner.alns.AlnsPlanner -   Progreso: iteracion 9000/10000 | F_actual=0.500000 | F_mejor=0.500000
2026-04-22 23:27:14.325 [http-nio-8080-exec-2] INFO  pe.pucp.tasfb2b.planner.alns.AlnsPlanner -   Progreso: iteracion 10000/10000 | F_actual=0.500000 | F_mejor=0.500000
2026-04-22 23:27:14.326 [http-nio-8080-exec-2] INFO  pe.pucp.tasfb2b.planner.alns.AlnsPlanner - ALNS finalizado en 1036 ms | F_mejor=0.500000
2026-04-22 23:27:14.329 [http-nio-8080-exec-2] INFO  pe.pucp.tasfb2b.planner.alns.AlnsPlanner - KPIs: entregasATiempo=0.0%, enviosAsignados=0.0%, ocupacionVuelos=0.0%, maletasRetrasadas=0
2026-04-22 23:27:14.329 [http-nio-8080-exec-2] INFO  pe.pucp.tasfb2b.controller.PlannerController - [3/3] Planificacion completada en 1040 ms
2026-04-22 23:27:14.329 [http-nio-8080-exec-2] INFO  pe.pucp.tasfb2b.controller.PlannerController -   Resultado: F=0.5, asignaciones=221, kpis.entregasATiempo=0.0%
2026-04-22 23:27:14.329 [http-nio-8080-exec-2] INFO  pe.pucp.tasfb2b.controller.PlannerController - ========== FIN EJECUCION (OK) ==========
